src/app/api/chapters/route.ts(2,32): error TS2307: Cannot find module '@/services/retrieval-engine/vector-searcher' or its corresponding type declarations.
src/app/api/graph/route.ts(2,32): error TS2307: Cannot find module '@/services/retrieval-engine/vector-searcher' or its corresponding type declarations.
src/components/layers/Layer3Canvas.tsx(105,13): error TS2322: Type '{ manuscriptRef: MutableRefObject<HTMLDivElement>; tocRef: MutableRefObject<HTMLDivElement>; chapter: number; ... 8 more ...; jumpTo: () => void; }' is not assignable to type 'IntrinsicAttributes & ManuscriptCoreProps'.
  Property 'tocRef' does not exist on type 'IntrinsicAttributes & ManuscriptCoreProps'.
src/components/layers/canvas/ManuscriptCore.tsx(95,50): error TS2349: This expression is not callable.
  Type 'never' has no call signatures.
src/components/layers/canvas/ManuscriptCore.tsx(96,47): error TS2540: Cannot assign to 'current' because it is a read-only property.
src/lib/narrative/fileService.ts(2,10): error TS2305: Module '"./indexStore"' has no exported member 'loadIndex'.
src/services/memory-engine/corpus-loader.ts(3,10): error TS2724: '"./embedding-processor"' has no exported member named 'embeddingProcessor'. Did you mean 'EmbeddingProcessor'?
src/services/memory-engine/corpus-loader.ts(4,10): error TS2724: '"./vector-store"' has no exported member named 'vectorStore'. Did you mean 'VectorStore'?
src/services/narrative-graph-engine/narrative-graph-engine.ts(3,14): error TS2420: Class 'NarrativeGraphEngine' incorrectly implements interface 'INarrativeGraphEngine'.
  Type 'NarrativeGraphEngine' is missing the following properties from type 'INarrativeGraphEngine': buildAdjacencyMatrix, queryEchoes
src/services/writing-agent/writing-agent.ts(3,14): error TS2420: Class 'WritingAgent' incorrectly implements interface 'IWritingAgent'.
  Property 'validateConstraints' is missing in type 'WritingAgent' but required in type 'IWritingAgent'.
